// Vitest Snapshot v1, https://vitest.dev/guide/snapshot.html

exports[`createSprite 1`] = `
"
    import { createElementVNode as _createElementVNode, openBlock as _openBlock, createElementBlock as _createElementBlock } from \\"vue\\"

const _hoisted_1 = {
  xmlns: \\"http://www.w3.org/2000/svg\\",
  \\"xmlns:xlink\\": \\"http://www.w3.org/1999/xlink\\",
  style: {}
}
const _hoisted_2 = [\\"xlink:href\\"]

 function render(_ctx, _cache) {
  return (_openBlock(), _createElementBlock(\\"svg\\", _hoisted_1, [
    _createElementVNode(\\"use\\", {
      \\"xlink:href\\": '#' + _ctx.name
    }, null, 8 /* PROPS */, _hoisted_2)
  ]))
}

export default{
  name: \\"SvgIcon\\",
  props: {
    name: {
      type: String,
      required: true
    }
  },
  render
}
    
export const svgNames = [\\"icon-addUser\\",\\"icon-card2\\",\\"logo\\",\\"common-icon-add\\",\\"common-icon-add3\\",\\"common-icon-addUser\\",\\"common-icon-addUsers\\",\\"common-icon-addx\\",\\"common-icon-apple\\",\\"common-icon-banner\\",\\"common-logo\\"]

    
if (import.meta.hot) {
  var svgDom = document.querySelector('#sprite-id') 
  import.meta.hot.on(\\"svg-component:reload\\", ({svgSymbolHtml}) => {
    svgDom.innerHTML = svgSymbolHtml
  })

  import.meta.hot.on(\\"svg-component:update\\", ({symbolId, newSvgSymbol}) => {
    var oldSymbolDom = svgDom.querySelector('#' + symbolId)
    var tempDom = document.createElementNS('http://www.w3.org/2000/svg', 'svg');
    tempDom.innerHTML = newSvgSymbol
    var newSymbolDom = tempDom.children[0]
    svgDom.replaceChild(newSymbolDom, oldSymbolDom)
  })
}

   "
`;
